C:\Users\iamgu\source\repos\IamGustav-Student\GymSaaS\src\GymSaaS.Web\Services\TenantResolutionMiddleware.cs(67,13): error CS1519: Invalid token 'if' in a member declaration [C:\Users\iamgu\source\repos\IamGustav-Student\GymSaaS\src\GymSaaS.Web\GymSaaS.Web.csproj]
C:\Users\iamgu\source\repos\IamGustav-Student\GymSaaS\src\GymSaaS.Web\Services\TenantResolutionMiddleware.cs(67,23): error CS8124: Una tupla debe contener al menos dos elementos. [C:\Users\iamgu\source\repos\IamGustav-Student\GymSaaS\src\GymSaaS.Web\GymSaaS.Web.csproj]
C:\Users\iamgu\source\repos\IamGustav-Student\GymSaaS\src\GymSaaS.Web\Services\TenantResolutionMiddleware.cs(67,23): error CS1026: Se esperaba ) [C:\Users\iamgu\source\repos\IamGustav-Student\GymSaaS\src\GymSaaS.Web\GymSaaS.Web.csproj]
C:\Users\iamgu\source\repos\IamGustav-Student\GymSaaS\src\GymSaaS.Web\Services\TenantResolutionMiddleware.cs(67,23): error CS1519: Invalid token '.' in a member declaration [C:\Users\iamgu\source\repos\IamGustav-Student\GymSaaS\src\GymSaaS.Web\GymSaaS.Web.csproj]
C:\Users\iamgu\source\repos\IamGustav-Student\GymSaaS\src\GymSaaS.Web\Services\TenantResolutionMiddleware.cs(67,67): error CS1001: Se esperaba un identificador [C:\Users\iamgu\source\repos\IamGustav-Student\GymSaaS\src\GymSaaS.Web\GymSaaS.Web.csproj]
C:\Users\iamgu\source\repos\IamGustav-Student\GymSaaS\src\GymSaaS.Web\Services\TenantResolutionMiddleware.cs(67,69): error CS1002: Se esperaba ; [C:\Users\iamgu\source\repos\IamGustav-Student\GymSaaS\src\GymSaaS.Web\GymSaaS.Web.csproj]
C:\Users\iamgu\source\repos\IamGustav-Student\GymSaaS\src\GymSaaS.Web\Services\TenantResolutionMiddleware.cs(67,69): error CS1519: Invalid token '&&' in a member declaration [C:\Users\iamgu\source\repos\IamGustav-Student\GymSaaS\src\GymSaaS.Web\GymSaaS.Web.csproj]
C:\Users\iamgu\source\repos\IamGustav-Student\GymSaaS\src\GymSaaS.Web\Services\TenantResolutionMiddleware.cs(67,94): error CS1519: Invalid token '!=' in a member declaration [C:\Users\iamgu\source\repos\IamGustav-Student\GymSaaS\src\GymSaaS.Web\GymSaaS.Web.csproj]
C:\Users\iamgu\source\repos\IamGustav-Student\GymSaaS\src\GymSaaS.Web\Services\TenantResolutionMiddleware.cs(67,142): error CS1519: Invalid token ')' in a member declaration [C:\Users\iamgu\source\repos\IamGustav-Student\GymSaaS\src\GymSaaS.Web\GymSaaS.Web.csproj]
C:\Users\iamgu\source\repos\IamGustav-Student\GymSaaS\src\GymSaaS.Web\Services\TenantResolutionMiddleware.cs(70,17): error CS1519: Invalid token 'if' in a member declaration [C:\Users\iamgu\source\repos\IamGustav-Student\GymSaaS\src\GymSaaS.Web\GymSaaS.Web.csproj]
C:\Users\iamgu\source\repos\IamGustav-Student\GymSaaS\src\GymSaaS.Web\Services\TenantResolutionMiddleware.cs(70,21): error CS1031: Se esperaba un tipo [C:\Users\iamgu\source\repos\IamGustav-Student\GymSaaS\src\GymSaaS.Web\GymSaaS.Web.csproj]
C:\Users\iamgu\source\repos\IamGustav-Student\GymSaaS\src\GymSaaS.Web\Services\TenantResolutionMiddleware.cs(70,21): error CS8124: Una tupla debe contener al menos dos elementos. [C:\Users\iamgu\source\repos\IamGustav-Student\GymSaaS\src\GymSaaS.Web\GymSaaS.Web.csproj]
C:\Users\iamgu\source\repos\IamGustav-Student\GymSaaS\src\GymSaaS.Web\Services\TenantResolutionMiddleware.cs(70,21): error CS1026: Se esperaba ) [C:\Users\iamgu\source\repos\IamGustav-Student\GymSaaS\src\GymSaaS.Web\GymSaaS.Web.csproj]
C:\Users\iamgu\source\repos\IamGustav-Student\GymSaaS\src\GymSaaS.Web\Services\TenantResolutionMiddleware.cs(70,21): error CS1519: Invalid token '!' in a member declaration [C:\Users\iamgu\source\repos\IamGustav-Student\GymSaaS\src\GymSaaS.Web\GymSaaS.Web.csproj]
C:\Users\iamgu\source\repos\IamGustav-Student\GymSaaS\src\GymSaaS.Web\Services\TenantResolutionMiddleware.cs(70,28): error CS1519: Invalid token '.' in a member declaration [C:\Users\iamgu\source\repos\IamGustav-Student\GymSaaS\src\GymSaaS.Web\GymSaaS.Web.csproj]
C:\Users\iamgu\source\repos\IamGustav-Student\GymSaaS\src\GymSaaS.Web\Services\TenantResolutionMiddleware.cs(70,54): error CS1001: Se esperaba un identificador [C:\Users\iamgu\source\repos\IamGustav-Student\GymSaaS\src\GymSaaS.Web\GymSaaS.Web.csproj]
C:\Users\iamgu\source\repos\IamGustav-Student\GymSaaS\src\GymSaaS.Web\Services\TenantResolutionMiddleware.cs(70,55): error CS1002: Se esperaba ; [C:\Users\iamgu\source\repos\IamGustav-Student\GymSaaS\src\GymSaaS.Web\GymSaaS.Web.csproj]
C:\Users\iamgu\source\repos\IamGustav-Student\GymSaaS\src\GymSaaS.Web\Services\TenantResolutionMiddleware.cs(70,55): error CS1519: Invalid token ')' in a member declaration [C:\Users\iamgu\source\repos\IamGustav-Student\GymSaaS\src\GymSaaS.Web\GymSaaS.Web.csproj]
C:\Users\iamgu\source\repos\IamGustav-Student\GymSaaS\src\GymSaaS.Web\Services\TenantResolutionMiddleware.cs(72,46): error CS8124: Una tupla debe contener al menos dos elementos. [C:\Users\iamgu\source\repos\IamGustav-Student\GymSaaS\src\GymSaaS.Web\GymSaaS.Web.csproj]
C:\Users\iamgu\source\repos\IamGustav-Student\GymSaaS\src\GymSaaS.Web\Services\TenantResolutionMiddleware.cs(72,46): error CS1026: Se esperaba ) [C:\Users\iamgu\source\repos\IamGustav-Student\GymSaaS\src\GymSaaS.Web\GymSaaS.Web.csproj]
C:\Users\iamgu\source\repos\IamGustav-Student\GymSaaS\src\GymSaaS.Web\Services\TenantResolutionMiddleware.cs(72,46): error CS1519: Invalid token 'is' in a member declaration [C:\Users\iamgu\source\repos\IamGustav-Student\GymSaaS\src\GymSaaS.Web\GymSaaS.Web.csproj]
C:\Users\iamgu\source\repos\IamGustav-Student\GymSaaS\src\GymSaaS.Web\Services\TenantResolutionMiddleware.cs(72,83): error CS1003: Error de sintaxis, se esperaba ',' [C:\Users\iamgu\source\repos\IamGustav-Student\GymSaaS\src\GymSaaS.Web\GymSaaS.Web.csproj]
C:\Users\iamgu\source\repos\IamGustav-Student\GymSaaS\src\GymSaaS.Web\Services\TenantResolutionMiddleware.cs(73,22): error CS1002: Se esperaba ; [C:\Users\iamgu\source\repos\IamGustav-Student\GymSaaS\src\GymSaaS.Web\GymSaaS.Web.csproj]
C:\Users\iamgu\source\repos\IamGustav-Student\GymSaaS\src\GymSaaS.Web\Services\TenantResolutionMiddleware.cs(74,45): error CS1519: Invalid token '(' in a member declaration [C:\Users\iamgu\source\repos\IamGustav-Student\GymSaaS\src\GymSaaS.Web\GymSaaS.Web.csproj]
C:\Users\iamgu\source\repos\IamGustav-Student\GymSaaS\src\GymSaaS.Web\Services\TenantResolutionMiddleware.cs(74,57): error CS8124: Una tupla debe contener al menos dos elementos. [C:\Users\iamgu\source\repos\IamGustav-Student\GymSaaS\src\GymSaaS.Web\GymSaaS.Web.csproj]
C:\Users\iamgu\source\repos\IamGustav-Student\GymSaaS\src\GymSaaS.Web\Services\TenantResolutionMiddleware.cs(74,58): error CS1519: Invalid token ';' in a member declaration [C:\Users\iamgu\source\repos\IamGustav-Student\GymSaaS\src\GymSaaS.Web\GymSaaS.Web.csproj]
C:\Users\iamgu\source\repos\IamGustav-Student\GymSaaS\src\GymSaaS.Web\Services\TenantResolutionMiddleware.cs(77,13): error CS1022: Se esperaba una definici├│n de tipo o espacio de nombres, o el fin del archivo [C:\Users\iamgu\source\repos\IamGustav-Student\GymSaaS\src\GymSaaS.Web\GymSaaS.Web.csproj]
C:\Users\iamgu\source\repos\IamGustav-Student\GymSaaS\src\GymSaaS.Web\Services\TenantResolutionMiddleware.cs(79,13): error CS8803: Las instrucciones de nivel superior deben preceder a las declaraciones de espacio de nombres y de tipos. [C:\Users\iamgu\source\repos\IamGustav-Student\GymSaaS\src\GymSaaS.Web\GymSaaS.Web.csproj]
C:\Users\iamgu\source\repos\IamGustav-Student\GymSaaS\src\GymSaaS.Web\Services\TenantResolutionMiddleware.cs(80,9): error CS1022: Se esperaba una definici├│n de tipo o espacio de nombres, o el fin del archivo [C:\Users\iamgu\source\repos\IamGustav-Student\GymSaaS\src\GymSaaS.Web\GymSaaS.Web.csproj]
C:\Users\iamgu\source\repos\IamGustav-Student\GymSaaS\src\GymSaaS.Web\Services\TenantResolutionMiddleware.cs(82,9): error CS0106: El modificador 'private' no es v├ílido para este elemento [C:\Users\iamgu\source\repos\IamGustav-Student\GymSaaS\src\GymSaaS.Web\GymSaaS.Web.csproj]
C:\Users\iamgu\source\repos\IamGustav-Student\GymSaaS\src\GymSaaS.Web\Services\TenantResolutionMiddleware.cs(89,5): error CS1022: Se esperaba una definici├│n de tipo o espacio de nombres, o el fin del archivo [C:\Users\iamgu\source\repos\IamGustav-Student\GymSaaS\src\GymSaaS.Web\GymSaaS.Web.csproj]
C:\Users\iamgu\source\repos\IamGustav-Student\GymSaaS\src\GymSaaS.Web\Services\TenantResolutionMiddleware.cs(90,1): error CS1022: Se esperaba una definici├│n de tipo o espacio de nombres, o el fin del archivo [C:\Users\iamgu\source\repos\IamGustav-Student\GymSaaS\src\GymSaaS.Web\GymSaaS.Web.csproj]

ERROR al compilar.
    0 Advertencia(s)
    32 Errores

Tiempo transcurrido 00:00:01.30
